HI-TECH Software C Compiler 

Linker command line:

--edf=C:\Program Files (x86)\HI-TECH Software\PICC\9.83\dat\en_msgs.txt -cs \
  -h+ADC.sym -z -Q16F877 -ol.obj -MADC.map -E1 -ACONST=00h-0FFhx32 \
  -ACODE=00h-07FFhx4 -ASTRCODE=00h-01FFFh -AENTRY=00h-0FFhx32 \
  -ASTRING=00h-0FFhx32 -ABANK0=020h-06Fh -ABANK1=0A0h-0EFh \
  -ABANK2=0110h-016Fh -ABANK3=0190h-01EFh \
  -ARAM=020h-06Fh,0A0h-0EFh,0110h-016Fh,0190h-01EFh \
  -AABS1=020h-07Fh,0A0h-0EFh,0110h-016Fh,0190h-01EFh -ACOMMON=070h-07Fh \
  -ASFR0=00h-01Fh -ASFR1=080h-09Fh -ASFR2=0100h-010Fh -ASFR3=0180h-018Fh \
  -preset_vec=00h,intentry,init,end_init -ppowerup=CODE -pfunctab=CODE \
  -ACONFIG=02007h-02007h -pconfig=CONFIG -DCONFIG=2 -AIDLOC=02000h-02003h \
  -pidloc=IDLOC -DIDLOC=2 -AEEDATA=00h-0FFh/02100h -peeprom_data=EEDATA \
  -DEEDATA=2 -DCODE=2 -DSTRCODE=2 -DSTRING=2 -DCONST=2 -DENTRY=2 -k \
  startup.obj ADC.obj 

Object code version is 3.10

Machine type is 16F877



                Name                               Link     Load   Length Selector   Space Scale
startup.obj     end_init                              0        0        3        0       0
ADC.obj         config                             2007     2007        1     400E       0
                text438                               3        3        D        0       0
                text437                             D2E      D2E       2A     1A5C       0
                text436                             DE8      DE8       4E     1BD0       0
                text435                             E36      E36       7B     1C6C       0
                text434                             EB1      EB1       A6     1D62       0
                text433                             CDE      CDE        C     19BC       0
                text432                             DB0      DB0       38     1B60       0
                text431                             CFA      CFA       19     19F4       0
                text430                             256      256      146      4AC       0
                text429                              A0       A0       C8      140       0
                text428                             168      168       EE      2D0       0
                text427                             D13      D13       1B     1A26       0
                text426                             F57      F57       A9     1EAE       0
                text425                             D58      D58       2C     1AB0       0
                text424                             D84      D84       2C     1B08       0
                text423                              10       10       90       20       0
                text422                             CEA      CEA       10     19D4       0
                maintext                            39C      39C      464      738       0
                cstackBANK0                          20       20       49       20       1
                cstackCOMMON                         70       70        E       70       1
                cstackBANK1                          A0       A0       26       A0       1
                cinit                               CDA      CDA        4     19B4       0

TOTAL           Name                               Link     Load   Length     Space
        CLASS   CONST          

        CLASS   CODE           
                end_init                              0        0        3         0
                text438                               3        3        D         0
                text437                             D2E      D2E       2A         0
                text436                             DE8      DE8       4E         0
                text435                             E36      E36       7B         0
                text434                             EB1      EB1       A6         0
                text433                             CDE      CDE        C         0
                text432                             DB0      DB0       38         0
                text431                             CFA      CFA       19         0
                text430                             256      256      146         0
                text429                              A0       A0       C8         0
                text428                             168      168       EE         0
                text427                             D13      D13       1B         0
                text426                             F57      F57       A9         0
                text425                             D58      D58       2C         0
                text424                             D84      D84       2C         0
                text423                              10       10       90         0
                text422                             CEA      CEA       10         0
                maintext                            39C      39C      464         0
                cinit                               CDA      CDA        4         0

        CLASS   STRCODE        

        CLASS   ENTRY          

        CLASS   STRING         

        CLASS   BANK0          
                cstackBANK0                          20       20       49         1

        CLASS   BANK1          
                cstackBANK1                          A0       A0       26         1

        CLASS   BANK2          

        CLASS   BANK3          

        CLASS   RAM            

        CLASS   ABS1           
                abs_s1                               7E       7E        2         1

        CLASS   COMMON         
                cstackCOMMON                         70       70        E         1

        CLASS   SFR0           

        CLASS   SFR1           

        CLASS   SFR2           

        CLASS   SFR3           

        CLASS   CONFIG         
                config                             2007     2007        1         0

        CLASS   IDLOC          

        CLASS   EEDATA         



SEGMENTS        Name                           Load    Length   Top    Selector   Space  Class     Delta

                reset_vec                      000000  000010  000010         0       0  CODE        2
                cstackBANK0                    000020  000049  000069        20       1  BANK0       1
                text423                        000010  000090  0000A0        20       0  CODE        2
                cstackCOMMON                   000070  00000E  00007E        70       1  COMMON      1
                cstackBANK1                    0000A0  000026  0000C6        A0       1  BANK1       1
                text429                        0000A0  0000C8  000168       140       0  CODE        2
                text428                        000168  0000EE  000256       2D0       0  CODE        2
                text430                        000256  000146  00039C       4AC       0  CODE        2
                maintext                       00039C  000464  000800       738       0  CODE        2
                cinit                          000CDA  000004  000CDE      19B4       0  CODE        2
                text433                        000CDE  00000C  000CEA      19BC       0  CODE        2
                text422                        000CEA  000010  000CFA      19D4       0  CODE        2
                text431                        000CFA  000019  000D13      19F4       0  CODE        2
                text427                        000D13  00001B  000D2E      1A26       0  CODE        2
                text437                        000D2E  00002A  000D58      1A5C       0  CODE        2
                text425                        000D58  00002C  000D84      1AB0       0  CODE        2
                text424                        000D84  00002C  000DB0      1B08       0  CODE        2
                text432                        000DB0  000038  000DE8      1B60       0  CODE        2
                text436                        000DE8  00004E  000E36      1BD0       0  CODE        2
                text435                        000E36  00007B  000EB1      1C6C       0  CODE        2
                text434                        000EB1  0000A6  000F57      1D62       0  CODE        2
                text426                        000F57  0000A9  001000      1EAE       0  CODE        2
                config                         002007  000001  002008      400E       0  CONFIG      2


UNUSED ADDRESS RANGES

        Name                Unused          Largest block    Delta
        BANK0            0069-006F              7           1
        BANK1            00C6-00EF             2A           1
        BANK2            0110-016F             60           1
        BANK3            0190-01EF             60           1
        CODE             0800-0CD9            4DA           2
                         1000-1FFF            800
        CONST            0800-0CD9            100           2
                         1000-1FFF            100
        EEDATA           2100-21FF            100           2
        ENTRY            0800-0CD9            100           2
                         1000-1FFF            100
        IDLOC            2000-2003              4           2
        RAM              0069-006F              7           1
                         00C6-00EF             2A
                         0110-016F             60
                         0190-01EF             60
        SFR0             0000-001F             20           1
        SFR1             0080-009F             20           1
        SFR2             0100-010F             10           1
        SFR3             0180-018F             10           1
        STRCODE          0800-0CD9            4DA           2
                         1000-1FFF           1000
        STRING           0800-0CD9            100           2
                         1000-1FFF            100

                                  Symbol Table

??_ClearLCDScreen           cstackCOMMON 0075
??_GetADCValue              cstackCOMMON 0072
??_InitADC                  cstackCOMMON 0070
??_InitLCD                  cstackCOMMON 0075
??_ToggleEpinOfLCD          cstackCOMMON 0070
??_WriteCommandToLCD        cstackCOMMON 0072
??_WriteDataToLCD           cstackCOMMON 0072
??___ftadd                  cstackBANK0  0030
??___ftdiv                  cstackBANK0  003D
??___ftmul                  cstackBANK0  004D
??___ftneg                  cstackCOMMON 0073
??___ftpack                 cstackCOMMON 0075
??___fttol                  cstackBANK0  0020
??___lwdiv                  cstackCOMMON 007A
??___lwtoft                 cstackCOMMON 007C
??___wmul                   cstackCOMMON 0074
??_main                     cstackBANK1  00A0
??_map                      cstackCOMMON 007D
?_ClearLCDScreen            cstackCOMMON 0070
?_GetADCValue               cstackCOMMON 0070
?_InitADC                   cstackCOMMON 0070
?_InitLCD                   cstackCOMMON 0070
?_ToggleEpinOfLCD           cstackCOMMON 0070
?_WriteCommandToLCD         cstackCOMMON 0070
?_WriteDataToLCD            cstackCOMMON 0070
?___ftadd                   cstackBANK0  002A
?___ftdiv                   cstackBANK0  0037
?___ftmul                   cstackBANK0  0047
?___ftneg                   cstackCOMMON 0070
?___ftpack                  cstackCOMMON 0070
?___fttol                   cstackCOMMON 0078
?___lwdiv                   cstackCOMMON 0076
?___lwtoft                  cstackBANK0  002A
?___wmul                    cstackCOMMON 0070
?_main                      cstackCOMMON 0070
?_map                       cstackBANK0  0057
GetADCValue@Channel         cstackCOMMON 0074
WriteCommandToLCD@Command   cstackCOMMON 0074
WriteDataToLCD@LCDChar      cstackCOMMON 0074
_ADCON0                     (abs)        001F
_ADCON1                     (abs)        009F
_ADRESH                     (abs)        001E
_ADRESL                     (abs)        009E
_CARRY                      (abs)        0018
_ClearLCDScreen             text422      0CEA
_EEADR                      (abs)        010D
_EECON1                     (abs)        018C
_EECON2                     (abs)        018D
_EEDATA                     (abs)        010C
_GIE                        (abs)        005F
_GO_nDONE                   (abs)        00FA
_GetADCValue                text432      0DB0
_InitADC                    text438      0003
_InitLCD                    text423      0010
_PORTB                      (abs)        0006
_RB0                        (abs)        0030
_RB1                        (abs)        0031
_RB4                        (abs)        0034
_RB5                        (abs)        0035
_RB6                        (abs)        0036
_RB7                        (abs)        0037
_RD                         (abs)        0C60
_TRISA                      (abs)        0085
_TRISB0                     (abs)        0430
_TRISB1                     (abs)        0431
_TRISB4                     (abs)        0434
_TRISB5                     (abs)        0435
_TRISB6                     (abs)        0436
_TRISB7                     (abs)        0437
_TRISE                      (abs)        0089
_ToggleEpinOfLCD            text431      0CFA
_WR                         (abs)        0C61
_WREN                       (abs)        0C62
_WriteCommandToLCD          text424      0D84
_WriteDataToLCD             text425      0D58
__Habs1                     abs1         0000
__Hbank0                    bank0        0000
__Hbank1                    bank1        0000
__Hbank2                    bank2        0000
__Hbank3                    bank3        0000
__Hcinit                    cinit        0000
__Hclrtext                  clrtext      0000
__Hcode                     code         0000
__Hcommon                   common       0000
__Hconfig                   config       2008
__HcstackBANK0              cstackBANK0  0000
__HcstackBANK1              cstackBANK1  0000
__HcstackCOMMON             cstackCOMMON 0000
__Heeprom_data              eeprom_data  0000
__Hend_init                 end_init     0003
__Hfunctab                  functab      0000
__Hidloc                    idloc        0000
__Hinit                     init         0000
__Hintentry                 intentry     0000
__Hmaintext                 maintext     0000
__Hpowerup                  powerup      0000
__Hram                      ram          0000
__Hreset_vec                reset_vec    0000
__Hsfr0                     sfr0         0000
__Hsfr1                     sfr1         0000
__Hsfr2                     sfr2         0000
__Hsfr3                     sfr3         0000
__Hstrings                  strings      0000
__Htext                     text         0000
__Labs1                     abs1         0000
__Lbank0                    bank0        0000
__Lbank1                    bank1        0000
__Lbank2                    bank2        0000
__Lbank3                    bank3        0000
__Lcinit                    cinit        0000
__Lclrtext                  clrtext      0000
__Lcode                     code         0000
__Lcommon                   common       0000
__Lconfig                   config       2007
__LcstackBANK0              cstackBANK0  0000
__LcstackBANK1              cstackBANK1  0000
__LcstackCOMMON             cstackCOMMON 0000
__Leeprom_data              eeprom_data  0000
__Lend_init                 end_init     0000
__Lfunctab                  functab      0000
__Lidloc                    idloc        0000
__Linit                     init         0000
__Lintentry                 intentry     0000
__Lmaintext                 maintext     0000
__Lpowerup                  powerup      0000
__Lram                      ram          0000
__Lreset_vec                reset_vec    0000
__Lsfr0                     sfr0         0000
__Lsfr1                     sfr1         0000
__Lsfr2                     sfr2         0000
__Lsfr3                     sfr3         0000
__Lstrings                  strings      0000
__Ltext                     text         0000
__S0                        (abs)        2008
__S1                        (abs)        00C6
__S2                        (abs)        0000
___ftadd                    text430      0256
___ftadd@exp1               cstackBANK0  0036
___ftadd@exp2               cstackBANK0  0035
___ftadd@f1                 cstackBANK0  002A
___ftadd@f2                 cstackBANK0  002D
___ftadd@sign               cstackBANK0  0034
___ftdiv                    text429      00A0
___ftdiv@cntr               cstackBANK0  0041
___ftdiv@exp                cstackBANK0  0045
___ftdiv@f1                 cstackBANK0  003A
___ftdiv@f2                 cstackBANK0  0037
___ftdiv@f3                 cstackBANK0  0042
___ftdiv@sign               cstackBANK0  0046
___ftmul                    text428      0168
___ftmul@cntr               cstackBANK0  0055
___ftmul@exp                cstackBANK0  0051
___ftmul@f1                 cstackBANK0  0047
___ftmul@f2                 cstackBANK0  004A
___ftmul@f3_as_product      cstackBANK0  0052
___ftmul@sign               cstackBANK0  0056
___ftneg                    text433      0CDE
___ftneg@f1                 cstackCOMMON 0070
___ftpack                   text435      0E36
___ftpack@arg               cstackCOMMON 0070
___ftpack@exp               cstackCOMMON 0073
___ftpack@sign              cstackCOMMON 0074
___fttol                    text434      0EB1
___fttol@exp1               cstackBANK0  0029
___fttol@f1                 cstackCOMMON 0078
___fttol@lval               cstackBANK0  0025
___fttol@sign1              cstackBANK0  0024
___lwdiv                    text436      0DE8
___lwdiv@counter            cstackCOMMON 007D
___lwdiv@dividend           cstackCOMMON 0078
___lwdiv@divisor            cstackCOMMON 0076
___lwdiv@quotient           cstackCOMMON 007B
___lwtoft                   text427      0D13
___lwtoft@c                 cstackBANK0  002A
___wmul                     text437      0D2E
___wmul@multiplicand        cstackCOMMON 0072
___wmul@multiplier          cstackCOMMON 0070
___wmul@product             cstackCOMMON 0074
__end_of_ClearLCDScreen     text422      0CFA
__end_of_GetADCValue        text432      0DE8
__end_of_InitADC            text438      0010
__end_of_InitLCD            text423      00A0
__end_of_ToggleEpinOfLCD    text431      0D13
__end_of_WriteCommandToLCD  text424      0DB0
__end_of_WriteDataToLCD     text425      0D84
__end_of___ftadd            text430      039C
__end_of___ftdiv            text429      0168
__end_of___ftmul            text428      0256
__end_of___ftneg            text433      0CEA
__end_of___ftpack           text435      0EB1
__end_of___fttol            text434      0F57
__end_of___lwdiv            text436      0E36
__end_of___lwtoft           text427      0D2E
__end_of___wmul             text437      0D58
__end_of_main               maintext     0800
__end_of_map                text426      1000
__pcstackBANK0              cstackBANK0  0020
__pcstackBANK1              cstackBANK1  00A0
__pcstackCOMMON             cstackCOMMON 0070
__pmaintext                 maintext     039C
__ptext421                  text421      0000
__ptext422                  text422      0CEA
__ptext423                  text423      0010
__ptext424                  text424      0D84
__ptext425                  text425      0D58
__ptext426                  text426      0F57
__ptext427                  text427      0D13
__ptext428                  text428      0168
__ptext429                  text429      00A0
__ptext430                  text430      0256
__ptext431                  text431      0CFA
__ptext432                  text432      0DB0
__ptext433                  text433      0CDE
__ptext434                  text434      0EB1
__ptext435                  text435      0E36
__ptext436                  text436      0DE8
__ptext437                  text437      0D2E
__ptext438                  text438      0003
__ptext439                  text439      0000
__size_of_ClearLCDScreen    (abs)        0000
__size_of_GetADCValue       (abs)        0000
__size_of_InitADC           (abs)        0000
__size_of_InitLCD           (abs)        0000
__size_of_ToggleEpinOfLCD   (abs)        0000
__size_of_WriteCommandToLCD (abs)        0000
__size_of_WriteDataToLCD    (abs)        0000
__size_of___ftadd           (abs)        0000
__size_of___ftdiv           (abs)        0000
__size_of___ftmul           (abs)        0000
__size_of___ftneg           (abs)        0000
__size_of___ftpack          (abs)        0000
__size_of___fttol           (abs)        0000
__size_of___lwdiv           (abs)        0000
__size_of___lwtoft          (abs)        0000
__size_of___wmul            (abs)        0000
__size_of_main              (abs)        0000
__size_of_map               (abs)        0000
_exit                       init         0000
_main                       maintext     039C
_map                        text426      0F57
_map$3459                   cstackBANK0  0066
btemp                       (abs)        007E
end_of_initialization       cinit        0CDA
intlevel0                   functab      0000
intlevel1                   functab      0000
intlevel2                   functab      0000
intlevel3                   functab      0000
intlevel4                   functab      0000
intlevel5                   functab      0000
main@ADC_value              cstackBANK1  00C4
main@ADC_value1             cstackBANK1  00B0
main@ADC_value2             cstackBANK1  00B2
main@ADC_value3             cstackBANK1  00B4
main@ADC_value4             cstackBANK1  00B6
main@ADC_value5             cstackBANK1  00B8
main@ADC_value6             cstackBANK1  00BA
main@ADC_value7             cstackBANK1  00BC
main@ADC_value8             cstackBANK1  00BE
main@digit1                 cstackBANK1  00C2
main@digit2                 cstackBANK1  00C0
main@digit3                 cstackBANK1  00AE
main@digit4                 cstackBANK1  00AC
map@value                   cstackBANK0  0057
map@x_max                   cstackBANK0  005D
map@x_min                   cstackBANK0  005A
map@y_max                   cstackBANK0  0063
map@y_min                   cstackBANK0  0060
reset_vec                   reset_vec    0000
start                       init         0000
start_initialization        cinit        0CDA
wtemp0                      (abs)        007E
